[OK] train: 2819 clips
[OK] test: 293 clips
[OK] valid: 399 clips
[OK] Pooled 3511 clips total (No Foul=391, Foul=3120)
[OK] Train: 2633 clips | Val: 439 clips | Test: 439 clips
[OK] Fine-tune subset (majority capped at 2x minority): 879 clips (No Foul=293, Foul=586)

[->] Fine-tuning the full backbone for up to 15 epochs (early stop after 4 epochs without improvement)...
    epoch  1/15  loss=0.7657  val balanced_acc=0.458  (best)
    epoch  2/15  loss=0.7337  val balanced_acc=0.451
    epoch  3/15  loss=0.6828  val balanced_acc=0.518  (best)
    epoch  4/15  loss=0.6885  val balanced_acc=0.502
    epoch  5/15  loss=0.6601  val balanced_acc=0.507
    epoch  6/15  loss=0.6485  val balanced_acc=0.502
    epoch  7/15  loss=0.6220  val balanced_acc=0.509
    [->] No improvement for 4 epochs, stopping early.
[OK] Restored best checkpoint (val balanced_acc=0.518)
[OK] Fine-tuned backbone saved -> C:\Users\srawo\foul_rf_classifier\finetuned_backbone.pt
[->] Re-embedding all clips with the fine-tuned backbone...
[OK] Task-adapted embeddings cached -> C:\Users\srawo\foul_rf_classifier\embeddings_cache.npz
[OK] Train set before SMOTE: 2633 clips (No Foul=293, Foul=2340)

[->] Searching RandomForest hyperparameters via 5-fold CV (SMOTE inside each fold)...
[OK] Best RF params: {'rf__n_estimators': 200, 'rf__min_samples_leaf': 4, 'rf__max_features': 'sqrt', 'rf__max_depth': 10} (cv balanced_acc=0.5244)
[OK] Picked decision threshold=0.70 (val balanced_acc=0.5838 vs 0.4820 at 0.5)

=== TEST accuracy: 0.3713 (37.1%) | balanced accuracy: 0.5212 (52.1%) | threshold=0.70 ===
              precision    recall  f1-score   support

     No Foul       0.12      0.71      0.20        49
        Foul       0.90      0.33      0.48       390

    accuracy                           0.37       439
   macro avg       0.51      0.52      0.34       439
weighted avg       0.81      0.37      0.45       439

Confusion matrix (rows=true, cols=predicted):
[[ 35  14]
 [262 128]]

[OK] Model saved -> C:\Users\srawo\foul_rf_classifier\model.pkl
[OK] Held-out set saved -> C:\Users\srawo\foul_rf_classifier\holdout_test.pkl (439 clips)
